git branch --set-upstream debug origin/debug

我们来合并最近的 4 次提交纪录，执行：

git rebase -i HEAD~4

如果当前分支与多个主机存在追踪关系，则可以使用-u选项指定一个默认主机，这样后面就可以不加任何参数使用git push。


$ git push -u origin master
上面命令将本地的master分支推送到origin主机，同时指定origin为默认主机，后面就可以不加任何参数使用git push了。


关联远程仓库 $ git remote add origin git@github.com:michaelliao/learngit.git
	     $ git push -u origin master
	    $ git branch --set-upstream-to=origin/master master

git branch --set-upstream [本地分支名] [远程库]/[远程分支名]

git branch --set-upstream-to [远程库]/[远程分支名] [本地分支名]
	$ git remote set-url origin ssh://git@github.com/username/newRepoName.git

关联不相关 拒绝合并的两个仓库 拉取到本地  git pull origin master --allow-unrelated-histories

暂存凭据 ：$ git config --global credential.helper wincred

git linux源码安装大体的安装步骤如下：

①、获取github最新的Git安装包下载链接，进入Linux服务器，执行下载，命令为： wget https://github.com/git/git/archive/v2.17.0.tar.gz ；

②、压缩包解压，命令为： tar -zxvf v2.17.0.tar.gz ；

③、安装编译源码所需依赖，命令为： yum install curl-devel expat-devel gettext-devel openssl-devel zlib-devel gcc perl-ExtUtils-MakeMaker 耐心等待安装，出现提示输入y即可；

④、安装依赖时，yum自动安装了Git，需要卸载旧版本Git，命令为： yum remove git 出现提示输入y即可；

⑤、进入解压后的文件夹，命令 cd git-2.17.0 ，然后执行编译，命令为 make prefix=/usr/local/git all 耐心等待编译即可；

⑥、安装Git至/usr/local/git路径，命令为 make prefix=/usr/local/git install ；

⑦、打开环境变量配置文件，命令 vim /etc/profile ，在底部加上Git相关配置信息：

PATH=$PATH:/usr/local/git/bin 

export PATH 

然后保存，退出！

⑧、输入命令 git --version ，查看安装的git版本，校验通过，安装成功。

0.5630.463
:w

保存编辑后的文件内容，但不退出vim编辑器。这个命令的作用是把内存缓冲区中的数据写到启动vim时指定的文件中。

:w!

强制写文件，即强制覆盖原有文件。如果原有文件的访问权限不允许写入文件，例如，原有的文件为只读文件，则可使用这个命令强制写入。但是，这种命令用法仅当用户是文件的属主时才适用，而超级用户则不受此限制。
:wq

保存文件内容后退出vim编辑器。这个命令的作用是把内存缓冲区中的数据写到启动vim时指定的文件中，然后退出vim编辑器。另外一种替代的方法是用ZZ命令。

:wq!

强制保存文件内容后退出vim编辑器。这个命令的作用是把内存缓冲区中的数据强制写到启动vim时指定的文件中，然后退出vim编辑器。
:q

在未做任何编辑处理而准备退出vim时，可以使用此命令。如果已做过编辑处理，则vim不允许用户使用“:q”命令退出，同时还会输出下列警告信息：

No write since last change (:quit! overrides)

:q!

强制退出vim编辑器，放弃编辑处理的结果。如果确实不需要保存修改后的文件内容，可输入“:q!”命令，强行退出vim编辑器。


//仅仅只是撤销已提交的版本库，不会修改暂存区和工作区
git reset --soft 版本库ID
 

//仅仅只是撤销已提交的版本库和暂存区，不会修改工作区
git reset --mixed 版本库ID
 

//彻底将工作区、暂存区和版本库记录恢复到指定的版本库
git reset --hard 版本库ID
    那我们到底应该用哪个选项好呢？
    （1）如果你是在提交了后，对工作区的代码做了修改，并且想保留这些修改，那么可以使用git reset --mixed 版本库ID，注意这个版本库ID应该不是你刚刚提交的版本库ID，而是刚刚提交版本库的上一个版本库。如下图：
    （2）如果不想保留这些修改，可以直接使用彻底的恢复命令，git reset --hard 版本库ID。
    （3）为什么不使用--soft呢，因为它只是恢复了版本库，暂存区仍然存在你错误提交的文件索引，还需要进一步使用上一节的删除错误添加到暂存区的文件，详细见上文。

仅仅删除暂存区里的文件    git rm --cache 文件名
git rm -f 文件名     工作区的文件也被删除了。
git push -f origin master  强制提交

$ git log -3 先显示提交的log

拉取文件到 暂存区 git reset HEAD -- <file>  git reset f0a1684 -- readme.md
我们在使用 git checkout -- <file> 命令来把 暂存区文件拉到工作区(恢复工作区未提交的修改)
我们知道，所谓暂存区实质是.git目录下的index文件  $ git rm --cached readme.txt（$ rm .git/index）
$ git push origin cy:rt-cy  建立关联 远程分支
$ git push origin :rt-cy   删除远程分支
清空所有新建的文件和文件夹;  $ git clean -d

git log --graph  git log  详细提交commit信息

$ git remote show origin 查看详细 本地远程分支



退出log   英文状态下  g
远程仓库 git ls-remote (remote)    git remote show (remote)

令来删除一个远程分支 $ git push origin --delete serverfix


当 git fetch 命令从服务器上抓取本地没有的数据时，它并不会修改工作目录中的内容。 它只会获取数据然后让你自己合并。 然而，有一个命令叫作 git pull 在大多数情况下它的含义是一个 git fetch 紧接着一个 git merge 命令。 如果有一个像之前章节中演示的设置好的跟踪分支，不管它是显式地设置还是通过 clone 或 checkout 命令为你创建的，git pull 都会查找当前分支所跟踪的服务器与分支，从服务器上抓取数据然后尝试合并入那个远程分支。

由于 git pull 的魔法经常令人困惑所以通常单独显式地使用 fetch 与 merge 命令会更好一些。




可以使用 git branch 的 -vv 选项。 这会将所有的本地分支列出来并且包含更多的信息，如每一个分支正在跟踪哪个远程分支与本地分支是否是领先、落后或是都有

git checkout -b [branch] [remotename]/[branch]。 == $ git checkout --track origin/serverfix




如果需要查看每一个分支的最后一次提交，可以运行 git branch -v 命令：

--merged 与 --no-merged 这两个有用的选项可以过滤这个列表中已经合并或尚未合并到当前分支的分支。 如果要查看哪些分支已经合并到当前分支，可以运行 git branch --merged：

$ git branch --merged
  iss53
* master
因为之前已经合并了 iss53 分支，所以现在看到它在列表中。 在这个列表中分支名字前没有 * 号的分支通常可以使用 git branch -d 删除掉；你已经将它们的工作整合到了另一个分支，所以并不会失去任何东西。

查看所有包含未合并工作的分支，可以运行 git branch --no-merged：

$ git branch --no-merged
  testing
这里显示了其他分支。 因为它包含了还未合并的工作，尝试使用 git branch -d 命令删除它时会失败：

$ git branch -d testing
error: The branch 'testing' is not fully merged.
If you are sure you want to delete it, run 'git branch -D testing'.
如果真的想要删除分支并丢掉那些工作，如同帮助信息里所指出的，可以使用 -D 选项强制删除它。





可以运行 git merge origin/serverfix 将这些工作合并到当前所在的分支。 如果想要在自己的 serverfix 分支上工作，可以将其建立在远程跟踪分支之上：

$ git checkout -b serverfix origin/serverfix



git merge origin/serverfix 


删除远程分支
假设你已经通过远程分支做完所有的工作了 - 也就是说你和你的协作者已经完成了一个特性并且将其合并到了远程仓库的 master 分支（或任何其他稳定代码分支）。 可以运行带有 --delete 选项的 git push 命令来删除一个远程分支。 如果想要从服务器上删除 serverfix 分支，运行下面的命令：

$ git push origin --delete serverfix

$ git remote rm paul
$ git remote show origin
在 “Changes to be committed” 文字正下方，提示使用 git reset HEAD <file>... 来取消暂存。 所以，我们可以这样来取消暂存 CONTRIBUTING.md 文件：

$ git reset HEAD CONTRIBUTING.md   add后




$ git checkout -b serverfix origin/serverfix



一种是 git rm C-cached “文件路径”，不删除物理文件，仅将该文件从缓存中删除； commit 后

一种是 git rm Cf “文件路径”，不仅将该文件从缓存中删除，还会将物理文件删除（不会回收到垃圾桶）。


当我们需要删除暂存区或分支上的文件, 但本地又需要使用, 只是不希望这个文件被版本控制, 可以使用

git rm --cached file_path



git branch -vv（两个v），就能够看到本地分支跟踪的远程分支。

git config --local -l 查看git配置


$ git checkout -b dev/1.5.4 origin/dev/1.5.4

# 从远程dev/1.5.4分支取得到本地分支/dev/1.5.4
$ git checkout -- hello.rb
#这条命令把hello.rb从HEAD中签出.
$ git checkout .
#这条命令把 当前目录所有修改的文件 从HEAD中签出并且把它恢复成未修改时的样子.
#注意：在使用 git checkout 时，如果其对应的文件被修改过，那么该修改会被覆盖掉。

$ git checkout -m mytopic
Auto-merging frotz
Shell
在这种三路合并之后，本地的修改没有在索引文件中注册，所以git diff会显示从新分支的提示之后所做的更改。


git checkout -- <file>     拉取暂存区文件 并将其替换成工作区文件
$ git checkout .
#这条命令把 当前目录所有修改的文件 从HEAD中签出并且把它恢复成未修改时的样子.git checkout 时，如果其对应的文件被修改过，那么该修改会被覆盖掉。
git reset HEAD  -- <file>  拉取最近一次提交到版本库的文件到暂存区  改操作不影响工作区

当我们在本地提交到远程仓库的时候，如果遇到上述问题，我们可以首先使用如下命令：

git rebase origin/master 

然后使用

git pull --rebase 

最后使用

git push origin master 

把内容提交到远程仓库上。

git log --oneline --graph

$ git pull --rebase (  git add README.md git rebase --continue 解决冲突继续执行) git status git push

git commit -am 'str'命令只能提交已经追踪过且修改了的文件


git rebase -i HEAD~2 这里的 HEAD~2 表示合并最近两次的提交, 如果想合并最近三次的提交修改为: git rebase -i HEAD~3
When you have resolved this problem, run "git rebase --continue".
If you prefer to skip this patch, run "git rebase --skip" instead.
To check out the original branch and stop rebasing, run "git rebase --abort".
